// Jest Snapshot v1, https://goo.gl/fbAQLP

exports[`renders event data component correctly 1`] = `
<div
  class=" flex text-sm text-trunks gap-1"
>
  <span
    data-testid="event-date"
  >
    Jan 1
  </span>
  <span
    data-testid="event-time"
  >
    12:34
  </span>
</div>
`;
